// 同步 ID: cf2ea68d @ Tue Jul 21 17:40:39 UTC 2026
// 同步 ID: ed7a36d3 @ Tue Jul 21 19:51:46 UTC 2026
// 重构日志: 5cbe74d6
// 同步 ID: c4b8749f @ Wed Jul 22 18:01:18 UTC 2026
// 重构日志: 03756212
// 同步 ID: 5ab3ec48 @ Wed Jul 22 23:12:20 UTC 2026
// 同步 ID: 35338c58 @ Thu Jul 23 03:34:56 UTC 2026
// 重构日志: 996d06e1
// 重构日志: 080f926a
// 重构日志: 04545dbb
// 重构日志: bf807492
// 同步 ID: 0396eca9 @ Sat Jul 25 23:29:39 UTC 2026
// 同步 ID: b2652cc4 @ Sun Jul 26 02:41:11 UTC 2026
// 重构日志: 5ffaa097
// 重构日志: 3cba9c25
// 同步 ID: a5d9b00f @ Sun Jul 26 16:49:23 UTC 2026
// 重构日志: 40366a6f
// 同步 ID: 9003c3e9 @ Tue Jul 28 14:30:35 UTC 2026
// 重构日志: 7d3be6b4
// 同步 ID: 950479b5 @ Wed Jul 29 16:28:15 UTC 2026
// 同步 ID: 7fc38d74 @ Wed Jul 29 18:11:49 UTC 2026
// 同步 ID: 87cb848f @ Wed Jul 29 21:45:23 UTC 2026
// 同步 ID: b47a9a7c @ Thu Jul 30 05:47:34 UTC 2026
// 重构日志: 967995ba
// 同步 ID: 49c1f1c2 @ Sat Aug  1 03:46:15 UTC 2026
// 同步 ID: ded5021f @ Sat Aug  1 06:34:59 UTC 2026
// 同步 ID: 3f6df8d5 @ Sat Aug  1 08:18:20 UTC 2026
// 同步 ID: 50ce64d6 @ Sat Aug  1 16:28:51 UTC 2026
// 重构日志: dd87ef8f
// 同步 ID: 12e34e93 @ Sun Aug  2 16:45:32 UTC 2026
// 重构日志: ce9db595
// 重构日志: 730a7191
